// Jest Snapshot v1, https://goo.gl/fbAQLP

exports[`matches snapshot 1`] = `
<DocumentFragment>
  <form>
    <label
      for="item"
    >
      Item
    </label>
    <input
      id="item"
      name="item"
      placeholder="Add Todo Item"
      type="text"
      value=""
    />
    <button>
      Add Todo
    </button>
  </form>
</DocumentFragment>
`;
